[templatecycle.com/demo/bootclassified-6/dist/job-home.html]
[templatecycle.com/demo/bootclassified-6/dist/assets/ico/apple-touch-icon-144-precomposed.png]
[templatecycle.com/demo/bootclassified-6/dist/assets/ico/apple-touch-icon-114-precomposed.png]
[templatecycle.com/demo/bootclassified-6/dist/assets/ico/apple-touch-icon-72-precomposed.png]
[templatecycle.com/demo/bootclassified-6/dist/assets/ico/apple-touch-icon-57-precomposed.png]
[templatecycle.com/demo/bootclassified-6/dist/assets/ico/favicon.png]
[backblue.gif]
[fade.gif]
[index.html]
[templatecycle.com/demo/bootclassified-6/dist/assets/js/pace.min.js]
[templatecycle.com/demo/bootclassified-6/dist/assets/plugins/modernizr/modernizr-custom.js]
[templatecycle.com/demo/bootclassified-6/dist/index.html]
[templatecycle.com/demo/bootclassified-6/dist/job-list.html]
[templatecycle.com/demo/bootclassified-6/dist/job-signup.html]
[templatecycle.com/demo/bootclassified-6/dist/account-home.html]
[templatecycle.com/demo/bootclassified-6/dist/account-myads.html]
[templatecycle.com/demo/bootclassified-6/dist/category.html]
[templatecycle.com/demo/bootclassified-6/dist/account-favourite-ads.html]
[templatecycle.com/demo/bootclassified-6/dist/account-saved-search.html]
[templatecycle.com/demo/bootclassified-6/dist/account-archived-ads.html]
[templatecycle.com/demo/bootclassified-6/dist/account-pending-approval-ads.html]
[templatecycle.com/demo/bootclassified-6/dist/statements.html]
[templatecycle.com/demo/bootclassified-6/dist/login.html]
[templatecycle.com/demo/bootclassified-6/dist/job-post.html]
[templatecycle.com/demo/bootclassified-6/dist/images/jobs/1.jpg]
[templatecycle.com/demo/bootclassified-6/dist/images/jobs/company-logos/10.jpg]
[templatecycle.com/demo/bootclassified-6/dist/images/jobs/company-logos/11.jpg]
[templatecycle.com/demo/bootclassified-6/dist/images/jobs/company-logos/12.jpg]
[templatecycle.com/demo/bootclassified-6/dist/images/jobs/company-logos/23.jpg]
[templatecycle.com/demo/bootclassified-6/dist/images/jobs/company-logos/13.jpg]
[templatecycle.com/demo/bootclassified-6/dist/images/jobs/company-logos/14.jpg]
[templatecycle.com/demo/bootclassified-6/dist/images/jobs/company-logos/15.jpg]
[templatecycle.com/demo/bootclassified-6/dist/images/jobs/company-logos/16.jpg]
[templatecycle.com/demo/bootclassified-6/dist/images/jobs/company-logos/17.jpg]
[templatecycle.com/demo/bootclassified-6/dist/images/jobs/company-logos/18.jpg]
[templatecycle.com/demo/bootclassified-6/dist/images/jobs/company-logos/19.jpg]
[templatecycle.com/demo/bootclassified-6/dist/images/jobs/company-logos/20.jpg]
[templatecycle.com/demo/bootclassified-6/dist/images/jobs/company-logos/1.jpg]
[templatecycle.com/demo/bootclassified-6/dist/job-details.html]
[templatecycle.com/demo/bootclassified-6/dist/images/jobs/company-logos/2.jpg]
[templatecycle.com/demo/bootclassified-6/dist/images/jobs/company-logos/4.jpg]
[templatecycle.com/demo/bootclassified-6/dist/images/jobs/company-logos/5.jpg]
[templatecycle.com/demo/bootclassified-6/dist/images/site/app.jpg]
[templatecycle.com/demo/bootclassified-6/dist/images/add2.jpg]
[templatecycle.com/demo/bootclassified-6/dist/images/jobs/2.jpg]
[templatecycle.com/demo/bootclassified-6/dist/event-home.html]
[templatecycle.com/demo/bootclassified-6/dist/faq.html]
[templatecycle.com/demo/bootclassified-6/dist/blogs.html]
[templatecycle.com/demo/bootclassified-6/dist/signup.html]
[templatecycle.com/demo/bootclassified-6/dist/images/site/payment/master_card.png]
[templatecycle.com/demo/bootclassified-6/dist/seller-profile.html]
[templatecycle.com/demo/bootclassified-6/dist/images/site/payment/visa_card.png]
[templatecycle.com/demo/bootclassified-6/dist/images/site/payment/paypal.png]
[templatecycle.com/demo/bootclassified-6/dist/images/site/payment/american_express_card.png]
[templatecycle.com/demo/bootclassified-6/dist/images/site/payment/discover_network_card.png]
[templatecycle.com/demo/bootclassified-6/dist/images/site/payment/google_wallet.png]
[templatecycle.com/demo/bootclassified-6/dist/assets/js/jquery/jquery-3.3.1.min.js]
[templatecycle.com/demo/bootclassified-6/dist/assets/bootstrap/js/bootstrap.bundle.js]
[cdnjs.cloudflare.com/ajax/libs/jquery/3.3.1/jquery.min.js]
[templatecycle.com/demo/bootclassified-6/dist/assets/js/vendors.min.js]
[templatecycle.com/demo/bootclassified-6/dist/assets/js/main.min.js]
[templatecycle.com/demo/bootclassified-6/dist/assets/plugins/autocomplete/jquery.mockjax.js]
[templatecycle.com/demo/bootclassified-6/dist/assets/plugins/autocomplete/jquery.autocomplete.js]
[templatecycle.com/demo/bootclassified-6/dist/assets/plugins/autocomplete/usastates.js]
[templatecycle.com/demo/bootclassified-6/dist/assets/plugins/autocomplete/autocomplete-demo.js]
[templatecycle.com/demo/bootclassified-6/dist/job-home.html]
[templatecycle.com/demo/bootclassified-6/dist/assets/bootstrap/css/bootstrap.css]
[templatecycle.com/demo/bootclassified-6/dist/images/arrow-right.png]
[templatecycle.com/demo/bootclassified-6/dist/images/bg3.jpg]
[templatecycle.com/demo/bootclassified-6/dist/images/demo/bg/dark.jpg]
[templatecycle.com/demo/bootclassified-6/dist/images/demo/bg/white.jpg]
[templatecycle.com/demo/bootclassified-6/dist/assets/css/style.css]
[templatecycle.com/demo/bootclassified-6/dist/assets/plugins/owl-carousel/grabbing.png]
[templatecycle.com/demo/bootclassified-6/dist/assets/plugins/owl-carousel/owl.carousel.css]
[templatecycle.com/demo/bootclassified-6/dist/assets/plugins/owl-carousel/AjaxLoader.gif]
[templatecycle.com/demo/bootclassified-6/dist/assets/plugins/owl-carousel/owl.theme.css]
[templatecycle.com/demo/bootclassified-6/dist/assets/plugins/bxslider/images/bx_loader.gif]
[templatecycle.com/demo/bootclassified-6/dist/assets/plugins/bxslider/images/controls.png]
[templatecycle.com/demo/bootclassified-6/dist/assets/plugins/bxslider/jquery.bxslider.css]
[templatecycle.com/demo/bootclassified-6/dist/index-v-2.html]
[templatecycle.com/demo/bootclassified-6/dist/index-map.html]
[templatecycle.com/demo/bootclassified-6/dist/blog-details.html]
[templatecycle.com/demo/bootclassified-6/dist/about-us.html]
[templatecycle.com/demo/bootclassified-6/dist/account-close.html]
[templatecycle.com/demo/bootclassified-6/dist/ads-details.html]
[templatecycle.com/demo/bootclassified-6/dist/ads-details-2-vertical-thumb.html]
[templatecycle.com/demo/bootclassified-6/dist/ads-details-automobile.html]
[templatecycle.com/demo/bootclassified-6/dist/job-login.html]
[templatecycle.com/demo/bootclassified-6/dist/event-category.html]
[templatecycle.com/demo/bootclassified-6/dist/event-details.html]
[templatecycle.com/demo/bootclassified-6/dist/blank-page.html]
[templatecycle.com/demo/bootclassified-6/dist/contact.html]
[templatecycle.com/demo/bootclassified-6/dist/forgot-password.html]
[templatecycle.com/demo/bootclassified-6/dist/form.html]
[templatecycle.com/demo/bootclassified-6/dist/post-ads.html]
[templatecycle.com/demo/bootclassified-6/dist/posting-success.html]
[templatecycle.com/demo/bootclassified-6/dist/sub-category-sub-location.html]
[templatecycle.com/demo/bootclassified-6/dist/account-message-inbox.html]
[templatecycle.com/demo/bootclassified-6/dist/account-message-details.html]
[templatecycle.com/demo/bootclassified-6/dist/account-message-compose.html]
[templatecycle.com/demo/bootclassified-6/dist/images/category/car-2.jpg]
[templatecycle.com/demo/bootclassified-6/dist/images/category/laptop-2.jpg]
[templatecycle.com/demo/bootclassified-6/dist/images/category/mobile.jpg]
[templatecycle.com/demo/bootclassified-6/dist/images/category/tv.jpg]
[templatecycle.com/demo/bootclassified-6/dist/images/category/hdd.jpg]
[templatecycle.com/demo/bootclassified-6/dist/property-list.html]
[templatecycle.com/demo/bootclassified-6/dist/images/category/house.jpg]
[templatecycle.com/demo/bootclassified-6/dist/images/category/Home-Electronics-Appliances-2.jpg]
[templatecycle.com/demo/bootclassified-6/dist/images/category/camera.jpg]
[templatecycle.com/demo/bootclassified-6/dist/images/category/fashion.jpg]
[templatecycle.com/demo/bootclassified-6/dist/images/category/toy.jpg]
[templatecycle.com/demo/bootclassified-6/dist/images/category/jobs.jpg]
[templatecycle.com/demo/bootclassified-6/dist/images/category/catalog.jpg]
[templatecycle.com/demo/bootclassified-6/dist/images/auto/2012-mercedes-benz-sls-amg.jpg]
[templatecycle.com/demo/bootclassified-6/dist/images/item/tp/Image00011.jpg]
[templatecycle.com/demo/bootclassified-6/dist/images/item/tp/Image00006.jpg]
[templatecycle.com/demo/bootclassified-6/dist/images/item/tp/Image00022.jpg]
[templatecycle.com/demo/bootclassified-6/dist/images/item/tp/Image00013.jpg]
[templatecycle.com/demo/bootclassified-6/dist/images/item/3.jpg]
[templatecycle.com/demo/bootclassified-6/dist/images/item/4.jpg]
[templatecycle.com/demo/bootclassified-6/dist/images/item/6.jpg]
[templatecycle.com/demo/bootclassified-6/dist/images/aff2.jpg]
[templatecycle.com/demo/bootclassified-6/dist/images/bg.jpg]
[templatecycle.com/demo/bootclassified-6/dist/index.html]
[templatecycle.com/demo/bootclassified-6/dist/job-list.html]
[templatecycle.com/demo/bootclassified-6/dist/terms-conditions.html]
[templatecycle.com/demo/bootclassified-6/dist/job-account-home.81.delayed]
[templatecycle.com/demo/bootclassified-6/dist/job-signup.html]
[templatecycle.com/demo/bootclassified-6/dist/images/item/tp/Image00015.jpg]
[templatecycle.com/demo/bootclassified-6/dist/images/item/tp/Image00008.jpg]
[templatecycle.com/demo/bootclassified-6/dist/images/item/12.jpg]
[templatecycle.com/demo/bootclassified-6/dist/images/item/tp/Image00014.jpg]
[templatecycle.com/demo/bootclassified-6/dist/images/item/tp/Image00003.jpg]
[templatecycle.com/demo/bootclassified-6/dist/images/item/tp/Image00021.jpg]
[templatecycle.com/demo/bootclassified-6/dist/images/item/11.jpg]
[templatecycle.com/demo/bootclassified-6/dist/images/item/tp/Image00023.jpg]
[templatecycle.com/demo/bootclassified-6/dist/category.html]
[templatecycle.com/demo/bootclassified-6/dist/images/user.jpg]
[templatecycle.com/demo/bootclassified-6/dist/fb.8b.delayed]
[templatecycle.com/demo/bootclassified-6/dist/account-home.html]
[templatecycle.com/demo/bootclassified-6/dist/images/item/tp/Image00020.jpg]
[templatecycle.com/demo/bootclassified-6/dist/images/item/tp/Image00002.jpg]
[templatecycle.com/demo/bootclassified-6/dist/assets/js/footablecd98.js]
[templatecycle.com/demo/bootclassified-6/dist/assets/js/footable.filtercd98.js]
[templatecycle.com/demo/bootclassified-6/dist/account-myads.html]
[templatecycle.com/demo/bootclassified-6/dist/images/item/images/item/12.jpg.90.delayed]
[templatecycle.com/demo/bootclassified-6/dist/account-favourite-ads.html]
[templatecycle.com/demo/bootclassified-6/dist/account-saved-search.html]
[templatecycle.com/demo/bootclassified-6/dist/account-archived-ads.html]
[templatecycle.com/demo/bootclassified-6/dist/account-pending-approval-ads.html]
[templatecycle.com/demo/bootclassified-6/dist/statements.html]
[templatecycle.com/demo/bootclassified-6/dist/login.html]
[templatecycle.com/demo/bootclassified-6/dist/help.91.delayed]
[templatecycle.com/demo/bootclassified-6/dist/job-post.html]
[templatecycle.com/demo/bootclassified-6/dist/job-details.html]
[templatecycle.com/demo/bootclassified-6/dist/images/events/1-large_x2.jpg]
[templatecycle.com/demo/bootclassified-6/dist/images/events/5-large_x2.jpg]
[templatecycle.com/demo/bootclassified-6/dist/images/events/6-large_x2.jpg]
[templatecycle.com/demo/bootclassified-6/dist/images/events/10-large.jpg]
[templatecycle.com/demo/bootclassified-6/dist/images/3x1.gif]
[templatecycle.com/demo/bootclassified-6/dist/images/events/4-large.jpg]
[templatecycle.com/demo/bootclassified-6/dist/images/events/5-large.jpg]
[templatecycle.com/demo/bootclassified-6/dist/images/events/6-large.jpg]
[templatecycle.com/demo/bootclassified-6/dist/images/events/1-large.jpg]
[templatecycle.com/demo/bootclassified-6/dist/images/10x6.gif]
[templatecycle.com/demo/bootclassified-6/dist/aurthor.9c.delayed]
[templatecycle.com/demo/bootclassified-6/dist/images/events/2-large.jpg]
[templatecycle.com/demo/bootclassified-6/dist/images/events/3-large.jpg]
[templatecycle.com/demo/bootclassified-6/dist/images/events/7-large.jpg]
[templatecycle.com/demo/bootclassified-6/dist/images/events/8-large.jpg]
[templatecycle.com/demo/bootclassified-6/dist/images/events/9-large.jpg]
[templatecycle.com/demo/bootclassified-6/dist/images/events/category/1.jpg]
[templatecycle.com/demo/bootclassified-6/dist/images/events/category/9.jpg]
[templatecycle.com/demo/bootclassified-6/dist/images/events/category/4.jpg]
[templatecycle.com/demo/bootclassified-6/dist/images/events/category/5.jpg]
[templatecycle.com/demo/bootclassified-6/dist/images/events/category/6.jpg]
[templatecycle.com/demo/bootclassified-6/dist/images/events/category/7.jpg]
[templatecycle.com/demo/bootclassified-6/dist/images/events/category/3.jpg]
[templatecycle.com/demo/bootclassified-6/dist/images/events/category/8.jpg]
[templatecycle.com/demo/bootclassified-6/dist/images/events/category/2.jpg]
[templatecycle.com/demo/bootclassified-6/dist/images/events/category/10.jpg]
[templatecycle.com/demo/bootclassified-6/dist/images/events/category/11.jpg]
[templatecycle.com/demo/bootclassified-6/dist/images/events/category/12.jpg]
[templatecycle.com/demo/bootclassified-6/dist/event-home.html]
[templatecycle.com/demo/bootclassified-6/dist/images/bg2.jpg]
[templatecycle.com/demo/bootclassified-6/dist/faq.html]
[templatecycle.com/demo/bootclassified-6/dist/images/blog/1.jpg]
[templatecycle.com/demo/bootclassified-6/dist/images/blog/2.jpg]
[templatecycle.com/demo/bootclassified-6/dist/images/blog/9.jpg]
[templatecycle.com/demo/bootclassified-6/dist/images/blog/4.jpg]
[templatecycle.com/demo/bootclassified-6/dist/images/blog/5.jpg]
[templatecycle.com/demo/bootclassified-6/dist/images/blog/7.jpg]
[templatecycle.com/demo/bootclassified-6/dist/images/blog/3.jpg]
[templatecycle.com/demo/bootclassified-6/dist/images/blog/10.jpg]
[templatecycle.com/demo/bootclassified-6/dist/blogs.html]
[templatecycle.com/demo/bootclassified-6/dist/signup.html]
[templatecycle.com/demo/bootclassified-6/dist/images/users/1.jpg]
[templatecycle.com/demo/bootclassified-6/dist/images/users/13.jpg]
[templatecycle.com/demo/bootclassified-6/dist/images/users/9.jpg]
[templatecycle.com/demo/bootclassified-6/dist/images/users/7.jpg]
[templatecycle.com/demo/bootclassified-6/dist/images/users/2.jpg]
[templatecycle.com/demo/bootclassified-6/dist/images/users/3.jpg]
[templatecycle.com/demo/bootclassified-6/dist/images/users/4.jpg]
[templatecycle.com/demo/bootclassified-6/dist/images/users/5.jpg]
[templatecycle.com/demo/bootclassified-6/dist/images/users/6.jpg]
[templatecycle.com/demo/bootclassified-6/dist/images/users/8.jpg]
[templatecycle.com/demo/bootclassified-6/dist/images/users/10.jpg]
[templatecycle.com/demo/bootclassified-6/dist/images/users/11.jpg]
[templatecycle.com/demo/bootclassified-6/dist/images/users/12.jpg]
[templatecycle.com/demo/bootclassified-6/dist/images/users/14.jpg]
[templatecycle.com/demo/bootclassified-6/dist/images/users/15.jpg]
[templatecycle.com/demo/bootclassified-6/dist/images/users/16.jpg]
[templatecycle.com/demo/bootclassified-6/dist/seller-profile.html]
[templatecycle.com/demo/bootclassified-6/dist/images/site/app_store_badge.svg]
[templatecycle.com/demo/bootclassified-6/dist/images/site/google-play-badge.svg]
[templatecycle.com/demo/bootclassified-6/dist/assets/css/animate.min.css]
[templatecycle.com/demo/bootclassified-6/dist/assets/plugins/fontawesome-5.2.0/webfonts/fa-brands-400.eot]
[templatecycle.com/demo/bootclassified-6/dist/assets/plugins/fontawesome-5.2.0/webfonts/fa-brands-400.woff2]
[templatecycle.com/demo/bootclassified-6/dist/assets/plugins/fontawesome-5.2.0/webfonts/fa-brands-400d41d.eot]
[templatecycle.com/demo/bootclassified-6/dist/assets/plugins/fontawesome-5.2.0/webfonts/fa-brands-400.woff]
[templatecycle.com/demo/bootclassified-6/dist/assets/plugins/fontawesome-5.2.0/webfonts/fa-brands-400.ttf]
[templatecycle.com/demo/bootclassified-6/dist/assets/plugins/fontawesome-5.2.0/webfonts/fa-regular-400.eot]
[templatecycle.com/demo/bootclassified-6/dist/assets/plugins/fontawesome-5.2.0/webfonts/fa-regular-400.woff2]
[templatecycle.com/demo/bootclassified-6/dist/assets/plugins/fontawesome-5.2.0/webfonts/fa-regular-400.woff]
[templatecycle.com/demo/bootclassified-6/dist/assets/plugins/fontawesome-5.2.0/webfonts/fa-regular-400d41d.eot]
[templatecycle.com/demo/bootclassified-6/dist/assets/plugins/fontawesome-5.2.0/webfonts/fa-regular-400.ttf]
[templatecycle.com/demo/bootclassified-6/dist/assets/plugins/fontawesome-5.2.0/webfonts/fa-solid-900.eot]
[templatecycle.com/demo/bootclassified-6/dist/assets/plugins/fontawesome-5.2.0/webfonts/fa-solid-900.woff2]
[templatecycle.com/demo/bootclassified-6/dist/assets/plugins/fontawesome-5.2.0/webfonts/fa-solid-900d41d.eot]
[templatecycle.com/demo/bootclassified-6/dist/assets/plugins/fontawesome-5.2.0/webfonts/fa-solid-900.woff]
[templatecycle.com/demo/bootclassified-6/dist/assets/plugins/fontawesome-5.2.0/webfonts/fa-solid-900.ttf]
[templatecycle.com/demo/bootclassified-6/dist/assets/plugins/fontawesome-5.2.0/css/all.css]
[templatecycle.com/demo/bootclassified-6/dist/assets/plugins/bootstrap-daterangepicker/daterangepicker.css]
[templatecycle.com/demo/bootclassified-6/dist/assets/fonts/fontello/fontello03a0.eot]
[templatecycle.com/demo/bootclassified-6/dist/assets/fonts/fontello/fontello03a0.woff]
[templatecycle.com/demo/bootclassified-6/dist/assets/fonts/fontello/fontello03a0.ttf]
[templatecycle.com/demo/bootclassified-6/dist/assets/css/fontello.css]
[templatecycle.com/demo/bootclassified-6/dist/assets/plugins/jquery-nice-select/css/nice-select.css]
[templatecycle.com/demo/bootclassified-6/dist/assets/css/fileinput.min.css]
[templatecycle.com/demo/bootclassified-6/dist/assets/img/loading.gif]
[templatecycle.com/demo/bootclassified-6/dist/assets/plugins/flag-icon-css-master/css/flag-icon.css]
[templatecycle.com/demo/bootclassified-6/dist/index-v-2.html]
[templatecycle.com/demo/bootclassified-6/dist/images/aff2.2db.delayed]
[templatecycle.com/demo/bootclassified-6/dist/assets/plugins/twism-master/dist/jquery.twism.js]
[templatecycle.com/demo/bootclassified-6/dist/index-map.html]
[templatecycle.com/demo/bootclassified-6/dist/blog-details.html]
[templatecycle.com/demo/bootclassified-6/dist/images/info.png]
[templatecycle.com/demo/bootclassified-6/dist/about-us.html]
[templatecycle.com/demo/bootclassified-6/dist/account-close.html]
[templatecycle.com/demo/bootclassified-6/dist/images/item/tp-big/Image00014.jpg]
[templatecycle.com/demo/bootclassified-6/dist/images/item/tp-big/Image00015.jpg]
[templatecycle.com/demo/bootclassified-6/dist/images/item/tp-big/Image00013.jpg]
[templatecycle.com/demo/bootclassified-6/dist/ads-details.html]
[templatecycle.com/demo/bootclassified-6/dist/ads-details-2-vertical-thumb.html]
[templatecycle.com/demo/bootclassified-6/dist/images/auto/2.jpg]
[templatecycle.com/demo/bootclassified-6/dist/images/auto/3.jpg]
[templatecycle.com/demo/bootclassified-6/dist/images/auto/dealer-logo.png]
[templatecycle.com/demo/bootclassified-6/dist/ads-details-automobile.html]
[templatecycle.com/demo/bootclassified-6/dist/job-login.html]
[templatecycle.com/demo/bootclassified-6/dist/event-category.html]
[templatecycle.com/demo/bootclassified-6/dist/event-details.html]
[templatecycle.com/demo/bootclassified-6/dist/blank-page.html]
[templatecycle.com/demo/bootclassified-6/dist/contact.html]
[templatecycle.com/demo/bootclassified-6/dist/forgot-password.html]
[templatecycle.com/demo/bootclassified-6/dist/form.html]
[templatecycle.com/demo/bootclassified-6/dist/assets/js/fileinput.min.js]
[templatecycle.com/demo/bootclassified-6/dist/post-ads.html]
[templatecycle.com/demo/bootclassified-6/dist/posting-success.html]
[templatecycle.com/demo/bootclassified-6/dist/sub-category-sub-location.html]
[templatecycle.com/demo/bootclassified-6/dist/account-message-inbox.html]
[templatecycle.com/demo/bootclassified-6/dist/account-message-details.html]
[templatecycle.com/demo/bootclassified-6/dist/account-message-compose.html]
[templatecycle.com/demo/bootclassified-6/dist/property-details.html]
[templatecycle.com/demo/bootclassified-6/dist/images/house/thumb/2.jpg]
[templatecycle.com/demo/bootclassified-6/dist/images/house/thumb/4.jpg]
[templatecycle.com/demo/bootclassified-6/dist/images/house/thumb/5.jpg]
[templatecycle.com/demo/bootclassified-6/dist/images/house/thumb/6.jpg]
[templatecycle.com/demo/bootclassified-6/dist/images/house/thumb/9.jpg]
[templatecycle.com/demo/bootclassified-6/dist/images/house/thumb/13.jpg]
[templatecycle.com/demo/bootclassified-6/dist/images/house/thumb/18.jpg]
[templatecycle.com/demo/bootclassified-6/dist/images/house/thumb/b12.jpg]
[templatecycle.com/demo/bootclassified-6/dist/images/house/thumb/14.jpg]
[templatecycle.com/demo/bootclassified-6/dist/images/house/thumb/11.jpg]
[templatecycle.com/demo/bootclassified-6/dist/images/house/thumb/16.jpg]
[templatecycle.com/demo/bootclassified-6/dist/images/house/thumb/building.jpg]
[templatecycle.com/demo/bootclassified-6/dist/property-list.html]
[templatecycle.com/demo/bootclassified-6/dist/terms-conditions.html]
[templatecycle.com/demo/bootclassified-6/dist/job-account-home.html]
[templatecycle.com/demo/bootclassified-6/dist/fb.html]
[templatecycle.com/demo/bootclassified-6/dist/images/item/images/item/12.jpg.html]
[templatecycle.com/demo/bootclassified-6/dist/help.html]
[templatecycle.com/demo/bootclassified-6/dist/aurthor.html]
[templatecycle.com/demo/bootclassified-6/dist/assets/plugins/fontawesome-5.2.0/webfonts/fa-brands-400.svg]
[templatecycle.com/demo/bootclassified-6/dist/assets/plugins/fontawesome-5.2.0/webfonts/fa-regular-400.svg]
[templatecycle.com/demo/bootclassified-6/dist/assets/plugins/fontawesome-5.2.0/webfonts/fa-solid-900.svg]
[templatecycle.com/demo/bootclassified-6/dist/assets/fonts/fontello/fontello03a0.svg]
[templatecycle.com/demo/bootclassified-6/dist/assets/plugins/flag-icon-css-master/flags/4x3/ad.svg]
[templatecycle.com/demo/bootclassified-6/dist/assets/plugins/flag-icon-css-master/flags/1x1/ad.svg]
[templatecycle.com/demo/bootclassified-6/dist/assets/plugins/flag-icon-css-master/flags/4x3/ae.svg]
[templatecycle.com/demo/bootclassified-6/dist/assets/plugins/flag-icon-css-master/flags/1x1/ae.svg]
[templatecycle.com/demo/bootclassified-6/dist/assets/plugins/flag-icon-css-master/flags/4x3/af.svg]
[templatecycle.com/demo/bootclassified-6/dist/assets/plugins/flag-icon-css-master/flags/1x1/af.svg]
[templatecycle.com/demo/bootclassified-6/dist/assets/plugins/flag-icon-css-master/flags/4x3/ag.svg]
[templatecycle.com/demo/bootclassified-6/dist/assets/plugins/flag-icon-css-master/flags/1x1/ag.svg]
[templatecycle.com/demo/bootclassified-6/dist/assets/plugins/flag-icon-css-master/flags/4x3/ai.svg]
[templatecycle.com/demo/bootclassified-6/dist/assets/plugins/flag-icon-css-master/flags/1x1/ai.svg]
[templatecycle.com/demo/bootclassified-6/dist/assets/plugins/flag-icon-css-master/flags/4x3/al.svg]
[templatecycle.com/demo/bootclassified-6/dist/assets/plugins/flag-icon-css-master/flags/1x1/al.svg]
[templatecycle.com/demo/bootclassified-6/dist/assets/plugins/flag-icon-css-master/flags/4x3/am.svg]
[templatecycle.com/demo/bootclassified-6/dist/assets/plugins/flag-icon-css-master/flags/1x1/am.svg]
[templatecycle.com/demo/bootclassified-6/dist/assets/plugins/flag-icon-css-master/flags/4x3/ao.svg]
[templatecycle.com/demo/bootclassified-6/dist/assets/plugins/flag-icon-css-master/flags/1x1/ao.svg]
[templatecycle.com/demo/bootclassified-6/dist/assets/plugins/flag-icon-css-master/flags/4x3/aq.svg]
[templatecycle.com/demo/bootclassified-6/dist/assets/plugins/flag-icon-css-master/flags/1x1/aq.svg]
[templatecycle.com/demo/bootclassified-6/dist/assets/plugins/flag-icon-css-master/flags/4x3/ar.svg]
[templatecycle.com/demo/bootclassified-6/dist/assets/plugins/flag-icon-css-master/flags/1x1/ar.svg]
[templatecycle.com/demo/bootclassified-6/dist/assets/plugins/flag-icon-css-master/flags/4x3/as.svg]
[templatecycle.com/demo/bootclassified-6/dist/assets/plugins/flag-icon-css-master/flags/1x1/as.svg]
[templatecycle.com/demo/bootclassified-6/dist/assets/plugins/flag-icon-css-master/flags/4x3/at.svg]
[templatecycle.com/demo/bootclassified-6/dist/assets/plugins/flag-icon-css-master/flags/1x1/at.svg]
[templatecycle.com/demo/bootclassified-6/dist/assets/plugins/flag-icon-css-master/flags/4x3/au.svg]
[templatecycle.com/demo/bootclassified-6/dist/assets/plugins/flag-icon-css-master/flags/1x1/au.svg]
[templatecycle.com/demo/bootclassified-6/dist/assets/plugins/flag-icon-css-master/flags/4x3/aw.svg]
[templatecycle.com/demo/bootclassified-6/dist/assets/plugins/flag-icon-css-master/flags/1x1/aw.svg]
[templatecycle.com/demo/bootclassified-6/dist/assets/plugins/flag-icon-css-master/flags/4x3/ax.svg]
[templatecycle.com/demo/bootclassified-6/dist/assets/plugins/flag-icon-css-master/flags/1x1/ax.svg]
[templatecycle.com/demo/bootclassified-6/dist/assets/plugins/flag-icon-css-master/flags/4x3/az.svg]
[templatecycle.com/demo/bootclassified-6/dist/assets/plugins/flag-icon-css-master/flags/1x1/az.svg]
[templatecycle.com/demo/bootclassified-6/dist/assets/plugins/flag-icon-css-master/flags/4x3/ba.svg]
[templatecycle.com/demo/bootclassified-6/dist/assets/plugins/flag-icon-css-master/flags/1x1/ba.svg]
[templatecycle.com/demo/bootclassified-6/dist/assets/plugins/flag-icon-css-master/flags/4x3/bb.svg]
[templatecycle.com/demo/bootclassified-6/dist/assets/plugins/flag-icon-css-master/flags/1x1/bb.svg]
[templatecycle.com/demo/bootclassified-6/dist/assets/plugins/flag-icon-css-master/flags/4x3/bd.svg]
[templatecycle.com/demo/bootclassified-6/dist/assets/plugins/flag-icon-css-master/flags/1x1/bd.svg]
[templatecycle.com/demo/bootclassified-6/dist/assets/plugins/flag-icon-css-master/flags/4x3/be.svg]
[templatecycle.com/demo/bootclassified-6/dist/assets/plugins/flag-icon-css-master/flags/1x1/be.svg]
[templatecycle.com/demo/bootclassified-6/dist/assets/plugins/flag-icon-css-master/flags/4x3/bf.svg]
[templatecycle.com/demo/bootclassified-6/dist/assets/plugins/flag-icon-css-master/flags/1x1/bf.svg]
[templatecycle.com/demo/bootclassified-6/dist/assets/plugins/flag-icon-css-master/flags/4x3/bg.svg]
[templatecycle.com/demo/bootclassified-6/dist/assets/plugins/flag-icon-css-master/flags/1x1/bg.svg]
[templatecycle.com/demo/bootclassified-6/dist/assets/plugins/flag-icon-css-master/flags/4x3/bh.svg]
[templatecycle.com/demo/bootclassified-6/dist/assets/plugins/flag-icon-css-master/flags/1x1/bh.svg]
[templatecycle.com/demo/bootclassified-6/dist/assets/plugins/flag-icon-css-master/flags/4x3/bi.svg]
[templatecycle.com/demo/bootclassified-6/dist/assets/plugins/flag-icon-css-master/flags/1x1/bi.svg]
[templatecycle.com/demo/bootclassified-6/dist/assets/plugins/flag-icon-css-master/flags/4x3/bj.svg]
[templatecycle.com/demo/bootclassified-6/dist/assets/plugins/flag-icon-css-master/flags/1x1/bj.svg]
[templatecycle.com/demo/bootclassified-6/dist/assets/plugins/flag-icon-css-master/flags/4x3/bl.svg]
[templatecycle.com/demo/bootclassified-6/dist/assets/plugins/flag-icon-css-master/flags/1x1/bl.svg]
[templatecycle.com/demo/bootclassified-6/dist/assets/plugins/flag-icon-css-master/flags/4x3/bm.svg]
[templatecycle.com/demo/bootclassified-6/dist/assets/plugins/flag-icon-css-master/flags/1x1/bm.svg]
[templatecycle.com/demo/bootclassified-6/dist/assets/plugins/flag-icon-css-master/flags/4x3/bn.svg]
[templatecycle.com/demo/bootclassified-6/dist/assets/plugins/flag-icon-css-master/flags/1x1/bn.svg]
[templatecycle.com/demo/bootclassified-6/dist/assets/plugins/flag-icon-css-master/flags/4x3/bo.svg]
[templatecycle.com/demo/bootclassified-6/dist/assets/plugins/flag-icon-css-master/flags/1x1/bo.svg]
[templatecycle.com/demo/bootclassified-6/dist/assets/plugins/flag-icon-css-master/flags/4x3/bq.svg]
[templatecycle.com/demo/bootclassified-6/dist/assets/plugins/flag-icon-css-master/flags/1x1/bq.svg]
[templatecycle.com/demo/bootclassified-6/dist/assets/plugins/flag-icon-css-master/flags/4x3/br.svg]
[templatecycle.com/demo/bootclassified-6/dist/assets/plugins/flag-icon-css-master/flags/1x1/br.svg]
[templatecycle.com/demo/bootclassified-6/dist/assets/plugins/flag-icon-css-master/flags/4x3/bs.svg]
[templatecycle.com/demo/bootclassified-6/dist/assets/plugins/flag-icon-css-master/flags/1x1/bs.svg]
[templatecycle.com/demo/bootclassified-6/dist/assets/plugins/flag-icon-css-master/flags/4x3/bt.svg]
[templatecycle.com/demo/bootclassified-6/dist/assets/plugins/flag-icon-css-master/flags/1x1/bt.svg]
[templatecycle.com/demo/bootclassified-6/dist/assets/plugins/flag-icon-css-master/flags/4x3/bv.svg]
[templatecycle.com/demo/bootclassified-6/dist/assets/plugins/flag-icon-css-master/flags/1x1/bv.svg]
[templatecycle.com/demo/bootclassified-6/dist/assets/plugins/flag-icon-css-master/flags/4x3/bw.svg]
[templatecycle.com/demo/bootclassified-6/dist/assets/plugins/flag-icon-css-master/flags/1x1/bw.svg]
[templatecycle.com/demo/bootclassified-6/dist/assets/plugins/flag-icon-css-master/flags/4x3/by.svg]
[templatecycle.com/demo/bootclassified-6/dist/assets/plugins/flag-icon-css-master/flags/1x1/by.svg]
[templatecycle.com/demo/bootclassified-6/dist/assets/plugins/flag-icon-css-master/flags/4x3/bz.svg]
[templatecycle.com/demo/bootclassified-6/dist/assets/plugins/flag-icon-css-master/flags/1x1/bz.svg]
[templatecycle.com/demo/bootclassified-6/dist/assets/plugins/flag-icon-css-master/flags/4x3/ca.svg]
[templatecycle.com/demo/bootclassified-6/dist/assets/plugins/flag-icon-css-master/flags/1x1/ca.svg]
[templatecycle.com/demo/bootclassified-6/dist/assets/plugins/flag-icon-css-master/flags/4x3/cc.svg]
[templatecycle.com/demo/bootclassified-6/dist/assets/plugins/flag-icon-css-master/flags/1x1/cc.svg]
[templatecycle.com/demo/bootclassified-6/dist/assets/plugins/flag-icon-css-master/flags/4x3/cd.svg]
[templatecycle.com/demo/bootclassified-6/dist/assets/plugins/flag-icon-css-master/flags/1x1/cd.svg]
[templatecycle.com/demo/bootclassified-6/dist/assets/plugins/flag-icon-css-master/flags/4x3/cf.svg]
[templatecycle.com/demo/bootclassified-6/dist/assets/plugins/flag-icon-css-master/flags/1x1/cf.svg]
[templatecycle.com/demo/bootclassified-6/dist/assets/plugins/flag-icon-css-master/flags/4x3/cg.svg]
[templatecycle.com/demo/bootclassified-6/dist/assets/plugins/flag-icon-css-master/flags/1x1/cg.svg]
[templatecycle.com/demo/bootclassified-6/dist/assets/plugins/flag-icon-css-master/flags/4x3/ch.svg]
[templatecycle.com/demo/bootclassified-6/dist/assets/plugins/flag-icon-css-master/flags/1x1/ch.svg]
[templatecycle.com/demo/bootclassified-6/dist/assets/plugins/flag-icon-css-master/flags/4x3/ci.svg]
[templatecycle.com/demo/bootclassified-6/dist/assets/plugins/flag-icon-css-master/flags/1x1/ci.svg]
[templatecycle.com/demo/bootclassified-6/dist/assets/plugins/flag-icon-css-master/flags/4x3/ck.svg]
[templatecycle.com/demo/bootclassified-6/dist/assets/plugins/flag-icon-css-master/flags/1x1/ck.svg]
[templatecycle.com/demo/bootclassified-6/dist/assets/plugins/flag-icon-css-master/flags/4x3/cl.svg]
[templatecycle.com/demo/bootclassified-6/dist/assets/plugins/flag-icon-css-master/flags/1x1/cl.svg]
[templatecycle.com/demo/bootclassified-6/dist/assets/plugins/flag-icon-css-master/flags/4x3/cm.svg]
[templatecycle.com/demo/bootclassified-6/dist/assets/plugins/flag-icon-css-master/flags/1x1/cm.svg]
[templatecycle.com/demo/bootclassified-6/dist/assets/plugins/flag-icon-css-master/flags/4x3/cn.svg]
[templatecycle.com/demo/bootclassified-6/dist/assets/plugins/flag-icon-css-master/flags/1x1/cn.svg]
[templatecycle.com/demo/bootclassified-6/dist/assets/plugins/flag-icon-css-master/flags/4x3/co.svg]
[templatecycle.com/demo/bootclassified-6/dist/assets/plugins/flag-icon-css-master/flags/1x1/co.svg]
[templatecycle.com/demo/bootclassified-6/dist/assets/plugins/flag-icon-css-master/flags/4x3/cr.svg]
[templatecycle.com/demo/bootclassified-6/dist/assets/plugins/flag-icon-css-master/flags/1x1/cr.svg]
[templatecycle.com/demo/bootclassified-6/dist/assets/plugins/flag-icon-css-master/flags/4x3/cu.svg]
[templatecycle.com/demo/bootclassified-6/dist/assets/plugins/flag-icon-css-master/flags/1x1/cu.svg]
[templatecycle.com/demo/bootclassified-6/dist/assets/plugins/flag-icon-css-master/flags/4x3/cv.svg]
[templatecycle.com/demo/bootclassified-6/dist/assets/plugins/flag-icon-css-master/flags/1x1/cv.svg]
[templatecycle.com/demo/bootclassified-6/dist/assets/plugins/flag-icon-css-master/flags/4x3/cw.svg]
[templatecycle.com/demo/bootclassified-6/dist/assets/plugins/flag-icon-css-master/flags/1x1/cw.svg]
[templatecycle.com/demo/bootclassified-6/dist/assets/plugins/flag-icon-css-master/flags/4x3/cx.svg]
[templatecycle.com/demo/bootclassified-6/dist/assets/plugins/flag-icon-css-master/flags/1x1/cx.svg]
[templatecycle.com/demo/bootclassified-6/dist/assets/plugins/flag-icon-css-master/flags/4x3/cy.svg]
[templatecycle.com/demo/bootclassified-6/dist/assets/plugins/flag-icon-css-master/flags/1x1/cy.svg]
[templatecycle.com/demo/bootclassified-6/dist/assets/plugins/flag-icon-css-master/flags/4x3/cz.svg]
[templatecycle.com/demo/bootclassified-6/dist/assets/plugins/flag-icon-css-master/flags/1x1/cz.svg]
[templatecycle.com/demo/bootclassified-6/dist/assets/plugins/flag-icon-css-master/flags/4x3/de.svg]
[templatecycle.com/demo/bootclassified-6/dist/assets/plugins/flag-icon-css-master/flags/1x1/de.svg]
[templatecycle.com/demo/bootclassified-6/dist/assets/plugins/flag-icon-css-master/flags/4x3/dj.svg]
[templatecycle.com/demo/bootclassified-6/dist/assets/plugins/flag-icon-css-master/flags/1x1/dj.svg]
[templatecycle.com/demo/bootclassified-6/dist/assets/plugins/flag-icon-css-master/flags/4x3/dk.svg]
[templatecycle.com/demo/bootclassified-6/dist/assets/plugins/flag-icon-css-master/flags/1x1/dk.svg]
[templatecycle.com/demo/bootclassified-6/dist/assets/plugins/flag-icon-css-master/flags/4x3/dm.svg]
[templatecycle.com/demo/bootclassified-6/dist/assets/plugins/flag-icon-css-master/flags/1x1/dm.svg]
[templatecycle.com/demo/bootclassified-6/dist/assets/plugins/flag-icon-css-master/flags/4x3/do.svg]
[templatecycle.com/demo/bootclassified-6/dist/assets/plugins/flag-icon-css-master/flags/1x1/do.svg]
[templatecycle.com/demo/bootclassified-6/dist/assets/plugins/flag-icon-css-master/flags/4x3/dz.svg]
[templatecycle.com/demo/bootclassified-6/dist/assets/plugins/flag-icon-css-master/flags/1x1/dz.svg]
[templatecycle.com/demo/bootclassified-6/dist/assets/plugins/flag-icon-css-master/flags/4x3/ec.svg]
[templatecycle.com/demo/bootclassified-6/dist/assets/plugins/flag-icon-css-master/flags/1x1/ec.svg]
[templatecycle.com/demo/bootclassified-6/dist/assets/plugins/flag-icon-css-master/flags/4x3/ee.svg]
[templatecycle.com/demo/bootclassified-6/dist/assets/plugins/flag-icon-css-master/flags/1x1/ee.svg]
[templatecycle.com/demo/bootclassified-6/dist/assets/plugins/flag-icon-css-master/flags/4x3/eg.svg]
[templatecycle.com/demo/bootclassified-6/dist/assets/plugins/flag-icon-css-master/flags/1x1/eg.svg]
[templatecycle.com/demo/bootclassified-6/dist/assets/plugins/flag-icon-css-master/flags/4x3/eh.svg]
[templatecycle.com/demo/bootclassified-6/dist/assets/plugins/flag-icon-css-master/flags/1x1/eh.svg]
[templatecycle.com/demo/bootclassified-6/dist/assets/plugins/flag-icon-css-master/flags/4x3/er.svg]
[templatecycle.com/demo/bootclassified-6/dist/assets/plugins/flag-icon-css-master/flags/1x1/er.svg]
[templatecycle.com/demo/bootclassified-6/dist/assets/plugins/flag-icon-css-master/flags/4x3/es.svg]
[templatecycle.com/demo/bootclassified-6/dist/assets/plugins/flag-icon-css-master/flags/1x1/es.svg]
[templatecycle.com/demo/bootclassified-6/dist/assets/plugins/flag-icon-css-master/flags/4x3/et.svg]
[templatecycle.com/demo/bootclassified-6/dist/assets/plugins/flag-icon-css-master/flags/1x1/et.svg]
[templatecycle.com/demo/bootclassified-6/dist/assets/plugins/flag-icon-css-master/flags/4x3/fi.svg]
[templatecycle.com/demo/bootclassified-6/dist/assets/plugins/flag-icon-css-master/flags/1x1/fi.svg]
[templatecycle.com/demo/bootclassified-6/dist/assets/plugins/flag-icon-css-master/flags/4x3/fj.svg]
[templatecycle.com/demo/bootclassified-6/dist/assets/plugins/flag-icon-css-master/flags/1x1/fj.svg]
[templatecycle.com/demo/bootclassified-6/dist/assets/plugins/flag-icon-css-master/flags/4x3/fk.svg]
[templatecycle.com/demo/bootclassified-6/dist/assets/plugins/flag-icon-css-master/flags/1x1/fk.svg]
[templatecycle.com/demo/bootclassified-6/dist/assets/plugins/flag-icon-css-master/flags/4x3/fm.svg]
[templatecycle.com/demo/bootclassified-6/dist/assets/plugins/flag-icon-css-master/flags/1x1/fm.svg]
[templatecycle.com/demo/bootclassified-6/dist/assets/plugins/flag-icon-css-master/flags/4x3/fo.svg]
[templatecycle.com/demo/bootclassified-6/dist/assets/plugins/flag-icon-css-master/flags/1x1/fo.svg]
[templatecycle.com/demo/bootclassified-6/dist/assets/plugins/flag-icon-css-master/flags/4x3/fr.svg]
[templatecycle.com/demo/bootclassified-6/dist/assets/plugins/flag-icon-css-master/flags/1x1/fr.svg]
[templatecycle.com/demo/bootclassified-6/dist/assets/plugins/flag-icon-css-master/flags/4x3/ga.svg]
[templatecycle.com/demo/bootclassified-6/dist/assets/plugins/flag-icon-css-master/flags/1x1/ga.svg]
[templatecycle.com/demo/bootclassified-6/dist/assets/plugins/flag-icon-css-master/flags/4x3/gb.svg]
[templatecycle.com/demo/bootclassified-6/dist/assets/plugins/flag-icon-css-master/flags/1x1/gb.svg]
[templatecycle.com/demo/bootclassified-6/dist/assets/plugins/flag-icon-css-master/flags/4x3/gd.svg]
[templatecycle.com/demo/bootclassified-6/dist/assets/plugins/flag-icon-css-master/flags/1x1/gd.svg]
[templatecycle.com/demo/bootclassified-6/dist/assets/plugins/flag-icon-css-master/flags/4x3/ge.svg]
[templatecycle.com/demo/bootclassified-6/dist/assets/plugins/flag-icon-css-master/flags/1x1/ge.svg]
[templatecycle.com/demo/bootclassified-6/dist/assets/plugins/flag-icon-css-master/flags/4x3/gf.svg]
[templatecycle.com/demo/bootclassified-6/dist/assets/plugins/flag-icon-css-master/flags/1x1/gf.svg]
[templatecycle.com/demo/bootclassified-6/dist/assets/plugins/flag-icon-css-master/flags/4x3/gg.svg]
[templatecycle.com/demo/bootclassified-6/dist/assets/plugins/flag-icon-css-master/flags/1x1/gg.svg]
[templatecycle.com/demo/bootclassified-6/dist/assets/plugins/flag-icon-css-master/flags/4x3/gh.svg]
[templatecycle.com/demo/bootclassified-6/dist/assets/plugins/flag-icon-css-master/flags/1x1/gh.svg]
[templatecycle.com/demo/bootclassified-6/dist/assets/plugins/flag-icon-css-master/flags/4x3/gi.svg]
[templatecycle.com/demo/bootclassified-6/dist/assets/plugins/flag-icon-css-master/flags/1x1/gi.svg]
[templatecycle.com/demo/bootclassified-6/dist/assets/plugins/flag-icon-css-master/flags/4x3/gl.svg]
[templatecycle.com/demo/bootclassified-6/dist/assets/plugins/flag-icon-css-master/flags/1x1/gl.svg]
[templatecycle.com/demo/bootclassified-6/dist/assets/plugins/flag-icon-css-master/flags/4x3/gm.svg]
[templatecycle.com/demo/bootclassified-6/dist/assets/plugins/flag-icon-css-master/flags/1x1/gm.svg]
[templatecycle.com/demo/bootclassified-6/dist/assets/plugins/flag-icon-css-master/flags/4x3/gn.svg]
[templatecycle.com/demo/bootclassified-6/dist/assets/plugins/flag-icon-css-master/flags/1x1/gn.svg]
[templatecycle.com/demo/bootclassified-6/dist/assets/plugins/flag-icon-css-master/flags/4x3/gp.svg]
[templatecycle.com/demo/bootclassified-6/dist/assets/plugins/flag-icon-css-master/flags/1x1/gp.svg]
[templatecycle.com/demo/bootclassified-6/dist/assets/plugins/flag-icon-css-master/flags/4x3/gq.svg]
[templatecycle.com/demo/bootclassified-6/dist/assets/plugins/flag-icon-css-master/flags/1x1/gq.svg]
[templatecycle.com/demo/bootclassified-6/dist/assets/plugins/flag-icon-css-master/flags/4x3/gr.svg]
[templatecycle.com/demo/bootclassified-6/dist/assets/plugins/flag-icon-css-master/flags/1x1/gr.svg]
[templatecycle.com/demo/bootclassified-6/dist/assets/plugins/flag-icon-css-master/flags/4x3/gs.svg]
[templatecycle.com/demo/bootclassified-6/dist/assets/plugins/flag-icon-css-master/flags/1x1/gs.svg]
[templatecycle.com/demo/bootclassified-6/dist/assets/plugins/flag-icon-css-master/flags/4x3/gt.svg]
[templatecycle.com/demo/bootclassified-6/dist/assets/plugins/flag-icon-css-master/flags/1x1/gt.svg]
[templatecycle.com/demo/bootclassified-6/dist/assets/plugins/flag-icon-css-master/flags/4x3/gu.svg]
[templatecycle.com/demo/bootclassified-6/dist/assets/plugins/flag-icon-css-master/flags/1x1/gu.svg]
[templatecycle.com/demo/bootclassified-6/dist/assets/plugins/flag-icon-css-master/flags/4x3/gw.svg]
[templatecycle.com/demo/bootclassified-6/dist/assets/plugins/flag-icon-css-master/flags/1x1/gw.svg]
[templatecycle.com/demo/bootclassified-6/dist/assets/plugins/flag-icon-css-master/flags/4x3/gy.svg]
[templatecycle.com/demo/bootclassified-6/dist/assets/plugins/flag-icon-css-master/flags/1x1/gy.svg]
[templatecycle.com/demo/bootclassified-6/dist/assets/plugins/flag-icon-css-master/flags/4x3/hk.svg]
[templatecycle.com/demo/bootclassified-6/dist/assets/plugins/flag-icon-css-master/flags/1x1/hk.svg]
[templatecycle.com/demo/bootclassified-6/dist/assets/plugins/flag-icon-css-master/flags/4x3/hm.svg]
[templatecycle.com/demo/bootclassified-6/dist/assets/plugins/flag-icon-css-master/flags/1x1/hm.svg]
[templatecycle.com/demo/bootclassified-6/dist/assets/plugins/flag-icon-css-master/flags/4x3/hn.svg]
[templatecycle.com/demo/bootclassified-6/dist/assets/plugins/flag-icon-css-master/flags/1x1/hn.svg]
[templatecycle.com/demo/bootclassified-6/dist/assets/plugins/flag-icon-css-master/flags/4x3/hr.svg]
[templatecycle.com/demo/bootclassified-6/dist/assets/plugins/flag-icon-css-master/flags/1x1/hr.svg]
[templatecycle.com/demo/bootclassified-6/dist/assets/plugins/flag-icon-css-master/flags/4x3/ht.svg]
[templatecycle.com/demo/bootclassified-6/dist/assets/plugins/flag-icon-css-master/flags/1x1/ht.svg]
[templatecycle.com/demo/bootclassified-6/dist/assets/plugins/flag-icon-css-master/flags/4x3/hu.svg]
[templatecycle.com/demo/bootclassified-6/dist/assets/plugins/flag-icon-css-master/flags/1x1/hu.svg]
[templatecycle.com/demo/bootclassified-6/dist/assets/plugins/flag-icon-css-master/flags/4x3/id.svg]
[templatecycle.com/demo/bootclassified-6/dist/assets/plugins/flag-icon-css-master/flags/1x1/id.svg]
[templatecycle.com/demo/bootclassified-6/dist/assets/plugins/flag-icon-css-master/flags/4x3/ie.svg]
[templatecycle.com/demo/bootclassified-6/dist/assets/plugins/flag-icon-css-master/flags/1x1/ie.svg]
[templatecycle.com/demo/bootclassified-6/dist/assets/plugins/flag-icon-css-master/flags/4x3/il.svg]
[templatecycle.com/demo/bootclassified-6/dist/assets/plugins/flag-icon-css-master/flags/1x1/il.svg]
[templatecycle.com/demo/bootclassified-6/dist/assets/plugins/flag-icon-css-master/flags/4x3/im.svg]
[templatecycle.com/demo/bootclassified-6/dist/assets/plugins/flag-icon-css-master/flags/1x1/im.svg]
[templatecycle.com/demo/bootclassified-6/dist/assets/plugins/flag-icon-css-master/flags/4x3/in.svg]
[templatecycle.com/demo/bootclassified-6/dist/assets/plugins/flag-icon-css-master/flags/1x1/in.svg]
[templatecycle.com/demo/bootclassified-6/dist/assets/plugins/flag-icon-css-master/flags/4x3/io.svg]
[templatecycle.com/demo/bootclassified-6/dist/assets/plugins/flag-icon-css-master/flags/1x1/io.svg]
[templatecycle.com/demo/bootclassified-6/dist/assets/plugins/flag-icon-css-master/flags/4x3/iq.svg]
[templatecycle.com/demo/bootclassified-6/dist/assets/plugins/flag-icon-css-master/flags/1x1/iq.svg]
[templatecycle.com/demo/bootclassified-6/dist/assets/plugins/flag-icon-css-master/flags/4x3/ir.svg]
[templatecycle.com/demo/bootclassified-6/dist/assets/plugins/flag-icon-css-master/flags/1x1/ir.svg]
[templatecycle.com/demo/bootclassified-6/dist/assets/plugins/flag-icon-css-master/flags/4x3/is.svg]
[templatecycle.com/demo/bootclassified-6/dist/assets/plugins/flag-icon-css-master/flags/1x1/is.svg]
[templatecycle.com/demo/bootclassified-6/dist/assets/plugins/flag-icon-css-master/flags/4x3/it.svg]
[templatecycle.com/demo/bootclassified-6/dist/assets/plugins/flag-icon-css-master/flags/1x1/it.svg]
[templatecycle.com/demo/bootclassified-6/dist/assets/plugins/flag-icon-css-master/flags/4x3/je.svg]
[templatecycle.com/demo/bootclassified-6/dist/assets/plugins/flag-icon-css-master/flags/1x1/je.svg]
[templatecycle.com/demo/bootclassified-6/dist/assets/plugins/flag-icon-css-master/flags/4x3/jm.svg]
[templatecycle.com/demo/bootclassified-6/dist/assets/plugins/flag-icon-css-master/flags/1x1/jm.svg]
[templatecycle.com/demo/bootclassified-6/dist/assets/plugins/flag-icon-css-master/flags/4x3/jo.svg]
[templatecycle.com/demo/bootclassified-6/dist/assets/plugins/flag-icon-css-master/flags/1x1/jo.svg]
[templatecycle.com/demo/bootclassified-6/dist/assets/plugins/flag-icon-css-master/flags/4x3/jp.svg]
[templatecycle.com/demo/bootclassified-6/dist/assets/plugins/flag-icon-css-master/flags/1x1/jp.svg]
[templatecycle.com/demo/bootclassified-6/dist/assets/plugins/flag-icon-css-master/flags/4x3/ke.svg]
[templatecycle.com/demo/bootclassified-6/dist/assets/plugins/flag-icon-css-master/flags/1x1/ke.svg]
[templatecycle.com/demo/bootclassified-6/dist/assets/plugins/flag-icon-css-master/flags/4x3/kg.svg]
[templatecycle.com/demo/bootclassified-6/dist/assets/plugins/flag-icon-css-master/flags/1x1/kg.svg]
[templatecycle.com/demo/bootclassified-6/dist/assets/plugins/flag-icon-css-master/flags/4x3/kh.svg]
[templatecycle.com/demo/bootclassified-6/dist/assets/plugins/flag-icon-css-master/flags/1x1/kh.svg]
[templatecycle.com/demo/bootclassified-6/dist/assets/plugins/flag-icon-css-master/flags/4x3/ki.svg]
[templatecycle.com/demo/bootclassified-6/dist/assets/plugins/flag-icon-css-master/flags/1x1/ki.svg]
[templatecycle.com/demo/bootclassified-6/dist/assets/plugins/flag-icon-css-master/flags/4x3/km.svg]
[templatecycle.com/demo/bootclassified-6/dist/assets/plugins/flag-icon-css-master/flags/1x1/km.svg]
[templatecycle.com/demo/bootclassified-6/dist/assets/plugins/flag-icon-css-master/flags/4x3/kn.svg]
[templatecycle.com/demo/bootclassified-6/dist/assets/plugins/flag-icon-css-master/flags/1x1/kn.svg]
[templatecycle.com/demo/bootclassified-6/dist/assets/plugins/flag-icon-css-master/flags/4x3/kp.svg]
[templatecycle.com/demo/bootclassified-6/dist/assets/plugins/flag-icon-css-master/flags/1x1/kp.svg]
[templatecycle.com/demo/bootclassified-6/dist/assets/plugins/flag-icon-css-master/flags/4x3/kr.svg]
[templatecycle.com/demo/bootclassified-6/dist/assets/plugins/flag-icon-css-master/flags/1x1/kr.svg]
[templatecycle.com/demo/bootclassified-6/dist/assets/plugins/flag-icon-css-master/flags/4x3/kw.svg]
[templatecycle.com/demo/bootclassified-6/dist/assets/plugins/flag-icon-css-master/flags/1x1/kw.svg]
[templatecycle.com/demo/bootclassified-6/dist/assets/plugins/flag-icon-css-master/flags/4x3/ky.svg]
[templatecycle.com/demo/bootclassified-6/dist/assets/plugins/flag-icon-css-master/flags/1x1/ky.svg]
[templatecycle.com/demo/bootclassified-6/dist/assets/plugins/flag-icon-css-master/flags/4x3/kz.svg]
[templatecycle.com/demo/bootclassified-6/dist/assets/plugins/flag-icon-css-master/flags/1x1/kz.svg]
[templatecycle.com/demo/bootclassified-6/dist/assets/plugins/flag-icon-css-master/flags/4x3/la.svg]
[templatecycle.com/demo/bootclassified-6/dist/assets/plugins/flag-icon-css-master/flags/1x1/la.svg]
[templatecycle.com/demo/bootclassified-6/dist/assets/plugins/flag-icon-css-master/flags/4x3/lb.svg]
[templatecycle.com/demo/bootclassified-6/dist/assets/plugins/flag-icon-css-master/flags/1x1/lb.svg]
[templatecycle.com/demo/bootclassified-6/dist/assets/plugins/flag-icon-css-master/flags/4x3/lc.svg]
[templatecycle.com/demo/bootclassified-6/dist/assets/plugins/flag-icon-css-master/flags/1x1/lc.svg]
[templatecycle.com/demo/bootclassified-6/dist/assets/plugins/flag-icon-css-master/flags/4x3/li.svg]
[templatecycle.com/demo/bootclassified-6/dist/assets/plugins/flag-icon-css-master/flags/1x1/li.svg]
[templatecycle.com/demo/bootclassified-6/dist/assets/plugins/flag-icon-css-master/flags/4x3/lk.svg]
[templatecycle.com/demo/bootclassified-6/dist/assets/plugins/flag-icon-css-master/flags/1x1/lk.svg]
[templatecycle.com/demo/bootclassified-6/dist/assets/plugins/flag-icon-css-master/flags/4x3/lr.svg]
[templatecycle.com/demo/bootclassified-6/dist/assets/plugins/flag-icon-css-master/flags/1x1/lr.svg]
[templatecycle.com/demo/bootclassified-6/dist/assets/plugins/flag-icon-css-master/flags/4x3/ls.svg]
[templatecycle.com/demo/bootclassified-6/dist/assets/plugins/flag-icon-css-master/flags/1x1/ls.svg]
[templatecycle.com/demo/bootclassified-6/dist/assets/plugins/flag-icon-css-master/flags/4x3/lt.svg]
[templatecycle.com/demo/bootclassified-6/dist/assets/plugins/flag-icon-css-master/flags/1x1/lt.svg]
[templatecycle.com/demo/bootclassified-6/dist/assets/plugins/flag-icon-css-master/flags/4x3/lu.svg]
[templatecycle.com/demo/bootclassified-6/dist/assets/plugins/flag-icon-css-master/flags/1x1/lu.svg]
[templatecycle.com/demo/bootclassified-6/dist/assets/plugins/flag-icon-css-master/flags/4x3/lv.svg]
[templatecycle.com/demo/bootclassified-6/dist/assets/plugins/flag-icon-css-master/flags/1x1/lv.svg]
[templatecycle.com/demo/bootclassified-6/dist/assets/plugins/flag-icon-css-master/flags/4x3/ly.svg]
[templatecycle.com/demo/bootclassified-6/dist/assets/plugins/flag-icon-css-master/flags/1x1/ly.svg]
[templatecycle.com/demo/bootclassified-6/dist/assets/plugins/flag-icon-css-master/flags/4x3/ma.svg]
[templatecycle.com/demo/bootclassified-6/dist/assets/plugins/flag-icon-css-master/flags/1x1/ma.svg]
[templatecycle.com/demo/bootclassified-6/dist/assets/plugins/flag-icon-css-master/flags/4x3/mc.svg]
[templatecycle.com/demo/bootclassified-6/dist/assets/plugins/flag-icon-css-master/flags/1x1/mc.svg]
[templatecycle.com/demo/bootclassified-6/dist/assets/plugins/flag-icon-css-master/flags/4x3/md.svg]
[templatecycle.com/demo/bootclassified-6/dist/assets/plugins/flag-icon-css-master/flags/1x1/md.svg]
[templatecycle.com/demo/bootclassified-6/dist/assets/plugins/flag-icon-css-master/flags/4x3/me.svg]
[templatecycle.com/demo/bootclassified-6/dist/assets/plugins/flag-icon-css-master/flags/1x1/me.svg]
[templatecycle.com/demo/bootclassified-6/dist/assets/plugins/flag-icon-css-master/flags/4x3/mf.svg]
[templatecycle.com/demo/bootclassified-6/dist/assets/plugins/flag-icon-css-master/flags/1x1/mf.svg]
[templatecycle.com/demo/bootclassified-6/dist/assets/plugins/flag-icon-css-master/flags/4x3/mg.svg]
[templatecycle.com/demo/bootclassified-6/dist/assets/plugins/flag-icon-css-master/flags/1x1/mg.svg]
[templatecycle.com/demo/bootclassified-6/dist/assets/plugins/flag-icon-css-master/flags/4x3/mh.svg]
[templatecycle.com/demo/bootclassified-6/dist/assets/plugins/flag-icon-css-master/flags/1x1/mh.svg]
[templatecycle.com/demo/bootclassified-6/dist/assets/plugins/flag-icon-css-master/flags/4x3/mk.svg]
[templatecycle.com/demo/bootclassified-6/dist/assets/plugins/flag-icon-css-master/flags/1x1/mk.svg]
[templatecycle.com/demo/bootclassified-6/dist/assets/plugins/flag-icon-css-master/flags/4x3/ml.svg]
[templatecycle.com/demo/bootclassified-6/dist/assets/plugins/flag-icon-css-master/flags/1x1/ml.svg]
[templatecycle.com/demo/bootclassified-6/dist/assets/plugins/flag-icon-css-master/flags/4x3/mm.svg]
[templatecycle.com/demo/bootclassified-6/dist/assets/plugins/flag-icon-css-master/flags/1x1/mm.svg]
[templatecycle.com/demo/bootclassified-6/dist/assets/plugins/flag-icon-css-master/flags/4x3/mn.svg]
[templatecycle.com/demo/bootclassified-6/dist/assets/plugins/flag-icon-css-master/flags/1x1/mn.svg]
[templatecycle.com/demo/bootclassified-6/dist/assets/plugins/flag-icon-css-master/flags/4x3/mo.svg]
[templatecycle.com/demo/bootclassified-6/dist/assets/plugins/flag-icon-css-master/flags/1x1/mo.svg]
[templatecycle.com/demo/bootclassified-6/dist/assets/plugins/flag-icon-css-master/flags/4x3/mp.svg]
[templatecycle.com/demo/bootclassified-6/dist/assets/plugins/flag-icon-css-master/flags/1x1/mp.svg]
[templatecycle.com/demo/bootclassified-6/dist/assets/plugins/flag-icon-css-master/flags/4x3/mq.svg]
[templatecycle.com/demo/bootclassified-6/dist/assets/plugins/flag-icon-css-master/flags/1x1/mq.svg]
[templatecycle.com/demo/bootclassified-6/dist/assets/plugins/flag-icon-css-master/flags/4x3/mr.svg]
[templatecycle.com/demo/bootclassified-6/dist/assets/plugins/flag-icon-css-master/flags/1x1/mr.svg]
[templatecycle.com/demo/bootclassified-6/dist/assets/plugins/flag-icon-css-master/flags/4x3/ms.svg]
[templatecycle.com/demo/bootclassified-6/dist/assets/plugins/flag-icon-css-master/flags/1x1/ms.svg]
[templatecycle.com/demo/bootclassified-6/dist/assets/plugins/flag-icon-css-master/flags/4x3/mt.svg]
[templatecycle.com/demo/bootclassified-6/dist/assets/plugins/flag-icon-css-master/flags/1x1/mt.svg]
[templatecycle.com/demo/bootclassified-6/dist/assets/plugins/flag-icon-css-master/flags/4x3/mu.svg]
[templatecycle.com/demo/bootclassified-6/dist/assets/plugins/flag-icon-css-master/flags/1x1/mu.svg]
[templatecycle.com/demo/bootclassified-6/dist/assets/plugins/flag-icon-css-master/flags/4x3/mv.svg]
[templatecycle.com/demo/bootclassified-6/dist/assets/plugins/flag-icon-css-master/flags/1x1/mv.svg]
[templatecycle.com/demo/bootclassified-6/dist/assets/plugins/flag-icon-css-master/flags/4x3/mw.svg]
[templatecycle.com/demo/bootclassified-6/dist/assets/plugins/flag-icon-css-master/flags/1x1/mw.svg]
[templatecycle.com/demo/bootclassified-6/dist/assets/plugins/flag-icon-css-master/flags/4x3/mx.svg]
[templatecycle.com/demo/bootclassified-6/dist/assets/plugins/flag-icon-css-master/flags/1x1/mx.svg]
[templatecycle.com/demo/bootclassified-6/dist/assets/plugins/flag-icon-css-master/flags/4x3/my.svg]
[templatecycle.com/demo/bootclassified-6/dist/assets/plugins/flag-icon-css-master/flags/1x1/my.svg]
[templatecycle.com/demo/bootclassified-6/dist/assets/plugins/flag-icon-css-master/flags/4x3/mz.svg]
[templatecycle.com/demo/bootclassified-6/dist/assets/plugins/flag-icon-css-master/flags/1x1/mz.svg]
[templatecycle.com/demo/bootclassified-6/dist/assets/plugins/flag-icon-css-master/flags/4x3/na.svg]
[templatecycle.com/demo/bootclassified-6/dist/assets/plugins/flag-icon-css-master/flags/1x1/na.svg]
[templatecycle.com/demo/bootclassified-6/dist/assets/plugins/flag-icon-css-master/flags/4x3/nc.svg]
[templatecycle.com/demo/bootclassified-6/dist/assets/plugins/flag-icon-css-master/flags/1x1/nc.svg]
[templatecycle.com/demo/bootclassified-6/dist/assets/plugins/flag-icon-css-master/flags/4x3/ne.svg]
[templatecycle.com/demo/bootclassified-6/dist/assets/plugins/flag-icon-css-master/flags/1x1/ne.svg]
[templatecycle.com/demo/bootclassified-6/dist/assets/plugins/flag-icon-css-master/flags/4x3/nf.svg]
[templatecycle.com/demo/bootclassified-6/dist/assets/plugins/flag-icon-css-master/flags/1x1/nf.svg]
[templatecycle.com/demo/bootclassified-6/dist/assets/plugins/flag-icon-css-master/flags/4x3/ng.svg]
[templatecycle.com/demo/bootclassified-6/dist/assets/plugins/flag-icon-css-master/flags/1x1/ng.svg]
[templatecycle.com/demo/bootclassified-6/dist/assets/plugins/flag-icon-css-master/flags/4x3/ni.svg]
[templatecycle.com/demo/bootclassified-6/dist/assets/plugins/flag-icon-css-master/flags/1x1/ni.svg]
[templatecycle.com/demo/bootclassified-6/dist/assets/plugins/flag-icon-css-master/flags/4x3/nl.svg]
[templatecycle.com/demo/bootclassified-6/dist/assets/plugins/flag-icon-css-master/flags/1x1/nl.svg]
[templatecycle.com/demo/bootclassified-6/dist/assets/plugins/flag-icon-css-master/flags/4x3/no.svg]
[templatecycle.com/demo/bootclassified-6/dist/assets/plugins/flag-icon-css-master/flags/1x1/no.svg]
[templatecycle.com/demo/bootclassified-6/dist/assets/plugins/flag-icon-css-master/flags/4x3/np.svg]
[templatecycle.com/demo/bootclassified-6/dist/assets/plugins/flag-icon-css-master/flags/1x1/np.svg]
[templatecycle.com/demo/bootclassified-6/dist/assets/plugins/flag-icon-css-master/flags/4x3/nr.svg]
[templatecycle.com/demo/bootclassified-6/dist/assets/plugins/flag-icon-css-master/flags/1x1/nr.svg]
[templatecycle.com/demo/bootclassified-6/dist/assets/plugins/flag-icon-css-master/flags/4x3/nu.svg]
[templatecycle.com/demo/bootclassified-6/dist/assets/plugins/flag-icon-css-master/flags/1x1/nu.svg]
[templatecycle.com/demo/bootclassified-6/dist/assets/plugins/flag-icon-css-master/flags/4x3/nz.svg]
[templatecycle.com/demo/bootclassified-6/dist/assets/plugins/flag-icon-css-master/flags/1x1/nz.svg]
[templatecycle.com/demo/bootclassified-6/dist/assets/plugins/flag-icon-css-master/flags/4x3/om.svg]
[templatecycle.com/demo/bootclassified-6/dist/assets/plugins/flag-icon-css-master/flags/1x1/om.svg]
[templatecycle.com/demo/bootclassified-6/dist/assets/plugins/flag-icon-css-master/flags/4x3/pa.svg]
[templatecycle.com/demo/bootclassified-6/dist/assets/plugins/flag-icon-css-master/flags/1x1/pa.svg]
[templatecycle.com/demo/bootclassified-6/dist/assets/plugins/flag-icon-css-master/flags/4x3/pe.svg]
[templatecycle.com/demo/bootclassified-6/dist/assets/plugins/flag-icon-css-master/flags/1x1/pe.svg]
[templatecycle.com/demo/bootclassified-6/dist/assets/plugins/flag-icon-css-master/flags/4x3/pf.svg]
[templatecycle.com/demo/bootclassified-6/dist/assets/plugins/flag-icon-css-master/flags/1x1/pf.svg]
[templatecycle.com/demo/bootclassified-6/dist/assets/plugins/flag-icon-css-master/flags/4x3/pg.svg]
[templatecycle.com/demo/bootclassified-6/dist/assets/plugins/flag-icon-css-master/flags/1x1/pg.svg]
[templatecycle.com/demo/bootclassified-6/dist/assets/plugins/flag-icon-css-master/flags/4x3/ph.svg]
[templatecycle.com/demo/bootclassified-6/dist/assets/plugins/flag-icon-css-master/flags/1x1/ph.svg]
[templatecycle.com/demo/bootclassified-6/dist/assets/plugins/flag-icon-css-master/flags/4x3/pk.svg]
[templatecycle.com/demo/bootclassified-6/dist/assets/plugins/flag-icon-css-master/flags/1x1/pk.svg]
[templatecycle.com/demo/bootclassified-6/dist/assets/plugins/flag-icon-css-master/flags/4x3/pl.svg]
[templatecycle.com/demo/bootclassified-6/dist/assets/plugins/flag-icon-css-master/flags/1x1/pl.svg]
[templatecycle.com/demo/bootclassified-6/dist/assets/plugins/flag-icon-css-master/flags/4x3/pm.svg]
[templatecycle.com/demo/bootclassified-6/dist/assets/plugins/flag-icon-css-master/flags/1x1/pm.svg]
[templatecycle.com/demo/bootclassified-6/dist/assets/plugins/flag-icon-css-master/flags/4x3/pn.svg]
[templatecycle.com/demo/bootclassified-6/dist/assets/plugins/flag-icon-css-master/flags/1x1/pn.svg]
[templatecycle.com/demo/bootclassified-6/dist/assets/plugins/flag-icon-css-master/flags/4x3/pr.svg]
[templatecycle.com/demo/bootclassified-6/dist/assets/plugins/flag-icon-css-master/flags/1x1/pr.svg]
[templatecycle.com/demo/bootclassified-6/dist/assets/plugins/flag-icon-css-master/flags/4x3/ps.svg]
[templatecycle.com/demo/bootclassified-6/dist/assets/plugins/flag-icon-css-master/flags/1x1/ps.svg]
[templatecycle.com/demo/bootclassified-6/dist/assets/plugins/flag-icon-css-master/flags/4x3/pt.svg]
[templatecycle.com/demo/bootclassified-6/dist/assets/plugins/flag-icon-css-master/flags/1x1/pt.svg]
[templatecycle.com/demo/bootclassified-6/dist/assets/plugins/flag-icon-css-master/flags/4x3/pw.svg]
[templatecycle.com/demo/bootclassified-6/dist/assets/plugins/flag-icon-css-master/flags/1x1/pw.svg]
[templatecycle.com/demo/bootclassified-6/dist/assets/plugins/flag-icon-css-master/flags/4x3/py.svg]
[templatecycle.com/demo/bootclassified-6/dist/assets/plugins/flag-icon-css-master/flags/1x1/py.svg]
[templatecycle.com/demo/bootclassified-6/dist/assets/plugins/flag-icon-css-master/flags/4x3/qa.svg]
[templatecycle.com/demo/bootclassified-6/dist/assets/plugins/flag-icon-css-master/flags/1x1/qa.svg]
[templatecycle.com/demo/bootclassified-6/dist/assets/plugins/flag-icon-css-master/flags/4x3/re.svg]
[templatecycle.com/demo/bootclassified-6/dist/assets/plugins/flag-icon-css-master/flags/1x1/re.svg]
[templatecycle.com/demo/bootclassified-6/dist/assets/plugins/flag-icon-css-master/flags/4x3/ro.svg]
[templatecycle.com/demo/bootclassified-6/dist/assets/plugins/flag-icon-css-master/flags/1x1/ro.svg]
[templatecycle.com/demo/bootclassified-6/dist/assets/plugins/flag-icon-css-master/flags/4x3/rs.svg]
[templatecycle.com/demo/bootclassified-6/dist/assets/plugins/flag-icon-css-master/flags/1x1/rs.svg]
[templatecycle.com/demo/bootclassified-6/dist/assets/plugins/flag-icon-css-master/flags/4x3/ru.svg]
[templatecycle.com/demo/bootclassified-6/dist/assets/plugins/flag-icon-css-master/flags/1x1/ru.svg]
[templatecycle.com/demo/bootclassified-6/dist/assets/plugins/flag-icon-css-master/flags/4x3/rw.svg]
[templatecycle.com/demo/bootclassified-6/dist/assets/plugins/flag-icon-css-master/flags/1x1/rw.svg]
[templatecycle.com/demo/bootclassified-6/dist/assets/plugins/flag-icon-css-master/flags/4x3/sa.svg]
[templatecycle.com/demo/bootclassified-6/dist/assets/plugins/flag-icon-css-master/flags/1x1/sa.svg]
[templatecycle.com/demo/bootclassified-6/dist/assets/plugins/flag-icon-css-master/flags/4x3/sb.svg]
[templatecycle.com/demo/bootclassified-6/dist/assets/plugins/flag-icon-css-master/flags/1x1/sb.svg]
[templatecycle.com/demo/bootclassified-6/dist/assets/plugins/flag-icon-css-master/flags/4x3/sc.svg]
[templatecycle.com/demo/bootclassified-6/dist/assets/plugins/flag-icon-css-master/flags/1x1/sc.svg]
[templatecycle.com/demo/bootclassified-6/dist/assets/plugins/flag-icon-css-master/flags/4x3/sd.svg]
[templatecycle.com/demo/bootclassified-6/dist/assets/plugins/flag-icon-css-master/flags/1x1/sd.svg]
[templatecycle.com/demo/bootclassified-6/dist/assets/plugins/flag-icon-css-master/flags/4x3/se.svg]
[templatecycle.com/demo/bootclassified-6/dist/assets/plugins/flag-icon-css-master/flags/1x1/se.svg]
[templatecycle.com/demo/bootclassified-6/dist/assets/plugins/flag-icon-css-master/flags/4x3/sg.svg]
[templatecycle.com/demo/bootclassified-6/dist/assets/plugins/flag-icon-css-master/flags/1x1/sg.svg]
[templatecycle.com/demo/bootclassified-6/dist/assets/plugins/flag-icon-css-master/flags/4x3/sh.svg]
[templatecycle.com/demo/bootclassified-6/dist/assets/plugins/flag-icon-css-master/flags/1x1/sh.svg]
[templatecycle.com/demo/bootclassified-6/dist/assets/plugins/flag-icon-css-master/flags/4x3/si.svg]
[templatecycle.com/demo/bootclassified-6/dist/assets/plugins/flag-icon-css-master/flags/1x1/si.svg]
[templatecycle.com/demo/bootclassified-6/dist/assets/plugins/flag-icon-css-master/flags/4x3/sj.svg]
[templatecycle.com/demo/bootclassified-6/dist/assets/plugins/flag-icon-css-master/flags/1x1/sj.svg]
[templatecycle.com/demo/bootclassified-6/dist/assets/plugins/flag-icon-css-master/flags/4x3/sk.svg]
[templatecycle.com/demo/bootclassified-6/dist/assets/plugins/flag-icon-css-master/flags/1x1/sk.svg]
[templatecycle.com/demo/bootclassified-6/dist/assets/plugins/flag-icon-css-master/flags/4x3/sl.svg]
[templatecycle.com/demo/bootclassified-6/dist/assets/plugins/flag-icon-css-master/flags/1x1/sl.svg]
[templatecycle.com/demo/bootclassified-6/dist/assets/plugins/flag-icon-css-master/flags/4x3/sm.svg]
[templatecycle.com/demo/bootclassified-6/dist/assets/plugins/flag-icon-css-master/flags/1x1/sm.svg]
[templatecycle.com/demo/bootclassified-6/dist/assets/plugins/flag-icon-css-master/flags/4x3/sn.svg]
[templatecycle.com/demo/bootclassified-6/dist/assets/plugins/flag-icon-css-master/flags/1x1/sn.svg]
[templatecycle.com/demo/bootclassified-6/dist/assets/plugins/flag-icon-css-master/flags/4x3/so.svg]
[templatecycle.com/demo/bootclassified-6/dist/assets/plugins/flag-icon-css-master/flags/1x1/so.svg]
[templatecycle.com/demo/bootclassified-6/dist/assets/plugins/flag-icon-css-master/flags/4x3/sr.svg]
[templatecycle.com/demo/bootclassified-6/dist/assets/plugins/flag-icon-css-master/flags/1x1/sr.svg]
[templatecycle.com/demo/bootclassified-6/dist/assets/plugins/flag-icon-css-master/flags/4x3/ss.svg]
[templatecycle.com/demo/bootclassified-6/dist/assets/plugins/flag-icon-css-master/flags/1x1/ss.svg]
[templatecycle.com/demo/bootclassified-6/dist/assets/plugins/flag-icon-css-master/flags/4x3/st.svg]
[templatecycle.com/demo/bootclassified-6/dist/assets/plugins/flag-icon-css-master/flags/1x1/st.svg]
[templatecycle.com/demo/bootclassified-6/dist/assets/plugins/flag-icon-css-master/flags/4x3/sv.svg]
[templatecycle.com/demo/bootclassified-6/dist/assets/plugins/flag-icon-css-master/flags/1x1/sv.svg]
[templatecycle.com/demo/bootclassified-6/dist/assets/plugins/flag-icon-css-master/flags/4x3/sx.svg]
[templatecycle.com/demo/bootclassified-6/dist/assets/plugins/flag-icon-css-master/flags/1x1/sx.svg]
[templatecycle.com/demo/bootclassified-6/dist/assets/plugins/flag-icon-css-master/flags/4x3/sy.svg]
[templatecycle.com/demo/bootclassified-6/dist/assets/plugins/flag-icon-css-master/flags/1x1/sy.svg]
[templatecycle.com/demo/bootclassified-6/dist/assets/plugins/flag-icon-css-master/flags/4x3/sz.svg]
[templatecycle.com/demo/bootclassified-6/dist/assets/plugins/flag-icon-css-master/flags/1x1/sz.svg]
[templatecycle.com/demo/bootclassified-6/dist/assets/plugins/flag-icon-css-master/flags/4x3/tc.svg]
[templatecycle.com/demo/bootclassified-6/dist/assets/plugins/flag-icon-css-master/flags/1x1/tc.svg]
[templatecycle.com/demo/bootclassified-6/dist/assets/plugins/flag-icon-css-master/flags/4x3/td.svg]
[templatecycle.com/demo/bootclassified-6/dist/assets/plugins/flag-icon-css-master/flags/1x1/td.svg]
[templatecycle.com/demo/bootclassified-6/dist/assets/plugins/flag-icon-css-master/flags/4x3/tf.svg]
[templatecycle.com/demo/bootclassified-6/dist/assets/plugins/flag-icon-css-master/flags/1x1/tf.svg]
[templatecycle.com/demo/bootclassified-6/dist/assets/plugins/flag-icon-css-master/flags/4x3/tg.svg]
[templatecycle.com/demo/bootclassified-6/dist/assets/plugins/flag-icon-css-master/flags/1x1/tg.svg]
[templatecycle.com/demo/bootclassified-6/dist/assets/plugins/flag-icon-css-master/flags/4x3/th.svg]
[templatecycle.com/demo/bootclassified-6/dist/assets/plugins/flag-icon-css-master/flags/1x1/th.svg]
[templatecycle.com/demo/bootclassified-6/dist/assets/plugins/flag-icon-css-master/flags/4x3/tj.svg]
[templatecycle.com/demo/bootclassified-6/dist/assets/plugins/flag-icon-css-master/flags/1x1/tj.svg]
[templatecycle.com/demo/bootclassified-6/dist/assets/plugins/flag-icon-css-master/flags/4x3/tk.svg]
[templatecycle.com/demo/bootclassified-6/dist/assets/plugins/flag-icon-css-master/flags/1x1/tk.svg]
[templatecycle.com/demo/bootclassified-6/dist/assets/plugins/flag-icon-css-master/flags/4x3/tl.svg]
[templatecycle.com/demo/bootclassified-6/dist/assets/plugins/flag-icon-css-master/flags/1x1/tl.svg]
[templatecycle.com/demo/bootclassified-6/dist/assets/plugins/flag-icon-css-master/flags/4x3/tm.svg]
[templatecycle.com/demo/bootclassified-6/dist/assets/plugins/flag-icon-css-master/flags/1x1/tm.svg]
[templatecycle.com/demo/bootclassified-6/dist/assets/plugins/flag-icon-css-master/flags/4x3/tn.svg]
[templatecycle.com/demo/bootclassified-6/dist/assets/plugins/flag-icon-css-master/flags/1x1/tn.svg]
[templatecycle.com/demo/bootclassified-6/dist/assets/plugins/flag-icon-css-master/flags/4x3/to.svg]
[templatecycle.com/demo/bootclassified-6/dist/assets/plugins/flag-icon-css-master/flags/1x1/to.svg]
[templatecycle.com/demo/bootclassified-6/dist/assets/plugins/flag-icon-css-master/flags/4x3/tr.svg]
[templatecycle.com/demo/bootclassified-6/dist/assets/plugins/flag-icon-css-master/flags/1x1/tr.svg]
[templatecycle.com/demo/bootclassified-6/dist/assets/plugins/flag-icon-css-master/flags/4x3/tt.svg]
[templatecycle.com/demo/bootclassified-6/dist/assets/plugins/flag-icon-css-master/flags/1x1/tt.svg]
[templatecycle.com/demo/bootclassified-6/dist/assets/plugins/flag-icon-css-master/flags/4x3/tv.svg]
[templatecycle.com/demo/bootclassified-6/dist/assets/plugins/flag-icon-css-master/flags/1x1/tv.svg]
[templatecycle.com/demo/bootclassified-6/dist/assets/plugins/flag-icon-css-master/flags/4x3/tw.svg]
[templatecycle.com/demo/bootclassified-6/dist/assets/plugins/flag-icon-css-master/flags/1x1/tw.svg]
[templatecycle.com/demo/bootclassified-6/dist/assets/plugins/flag-icon-css-master/flags/4x3/tz.svg]
[templatecycle.com/demo/bootclassified-6/dist/assets/plugins/flag-icon-css-master/flags/1x1/tz.svg]
[templatecycle.com/demo/bootclassified-6/dist/assets/plugins/flag-icon-css-master/flags/4x3/ua.svg]
[templatecycle.com/demo/bootclassified-6/dist/assets/plugins/flag-icon-css-master/flags/1x1/ua.svg]
[templatecycle.com/demo/bootclassified-6/dist/assets/plugins/flag-icon-css-master/flags/4x3/ug.svg]
[templatecycle.com/demo/bootclassified-6/dist/assets/plugins/flag-icon-css-master/flags/1x1/ug.svg]
[templatecycle.com/demo/bootclassified-6/dist/assets/plugins/flag-icon-css-master/flags/4x3/um.svg]
[templatecycle.com/demo/bootclassified-6/dist/assets/plugins/flag-icon-css-master/flags/1x1/um.svg]
[templatecycle.com/demo/bootclassified-6/dist/assets/plugins/flag-icon-css-master/flags/4x3/us.svg]
[templatecycle.com/demo/bootclassified-6/dist/assets/plugins/flag-icon-css-master/flags/1x1/us.svg]
[templatecycle.com/demo/bootclassified-6/dist/assets/plugins/flag-icon-css-master/flags/4x3/uy.svg]
[templatecycle.com/demo/bootclassified-6/dist/assets/plugins/flag-icon-css-master/flags/1x1/uy.svg]
[templatecycle.com/demo/bootclassified-6/dist/assets/plugins/flag-icon-css-master/flags/4x3/uz.svg]
[templatecycle.com/demo/bootclassified-6/dist/assets/plugins/flag-icon-css-master/flags/1x1/uz.svg]
[templatecycle.com/demo/bootclassified-6/dist/assets/plugins/flag-icon-css-master/flags/4x3/va.svg]
[templatecycle.com/demo/bootclassified-6/dist/assets/plugins/flag-icon-css-master/flags/1x1/va.svg]
[templatecycle.com/demo/bootclassified-6/dist/assets/plugins/flag-icon-css-master/flags/4x3/vc.svg]
[templatecycle.com/demo/bootclassified-6/dist/assets/plugins/flag-icon-css-master/flags/1x1/vc.svg]
[templatecycle.com/demo/bootclassified-6/dist/assets/plugins/flag-icon-css-master/flags/4x3/ve.svg]
[templatecycle.com/demo/bootclassified-6/dist/assets/plugins/flag-icon-css-master/flags/1x1/ve.svg]
[templatecycle.com/demo/bootclassified-6/dist/assets/plugins/flag-icon-css-master/flags/4x3/vg.svg]
[templatecycle.com/demo/bootclassified-6/dist/assets/plugins/flag-icon-css-master/flags/1x1/vg.svg]
[templatecycle.com/demo/bootclassified-6/dist/assets/plugins/flag-icon-css-master/flags/4x3/vi.svg]
[templatecycle.com/demo/bootclassified-6/dist/assets/plugins/flag-icon-css-master/flags/1x1/vi.svg]
[templatecycle.com/demo/bootclassified-6/dist/assets/plugins/flag-icon-css-master/flags/4x3/vn.svg]
[templatecycle.com/demo/bootclassified-6/dist/assets/plugins/flag-icon-css-master/flags/1x1/vn.svg]
[templatecycle.com/demo/bootclassified-6/dist/assets/plugins/flag-icon-css-master/flags/4x3/vu.svg]
[templatecycle.com/demo/bootclassified-6/dist/assets/plugins/flag-icon-css-master/flags/1x1/vu.svg]
[templatecycle.com/demo/bootclassified-6/dist/assets/plugins/flag-icon-css-master/flags/4x3/wf.svg]
[templatecycle.com/demo/bootclassified-6/dist/assets/plugins/flag-icon-css-master/flags/1x1/wf.svg]
[templatecycle.com/demo/bootclassified-6/dist/assets/plugins/flag-icon-css-master/flags/4x3/ws.svg]
[templatecycle.com/demo/bootclassified-6/dist/assets/plugins/flag-icon-css-master/flags/1x1/ws.svg]
[templatecycle.com/demo/bootclassified-6/dist/assets/plugins/flag-icon-css-master/flags/4x3/ye.svg]
[templatecycle.com/demo/bootclassified-6/dist/assets/plugins/flag-icon-css-master/flags/1x1/ye.svg]
[templatecycle.com/demo/bootclassified-6/dist/assets/plugins/flag-icon-css-master/flags/4x3/yt.svg]
[templatecycle.com/demo/bootclassified-6/dist/assets/plugins/flag-icon-css-master/flags/1x1/yt.svg]
[templatecycle.com/demo/bootclassified-6/dist/assets/plugins/flag-icon-css-master/flags/4x3/za.svg]
[templatecycle.com/demo/bootclassified-6/dist/assets/plugins/flag-icon-css-master/flags/1x1/za.svg]
[templatecycle.com/demo/bootclassified-6/dist/assets/plugins/flag-icon-css-master/flags/4x3/zm.svg]
[templatecycle.com/demo/bootclassified-6/dist/assets/plugins/flag-icon-css-master/flags/1x1/zm.svg]
[templatecycle.com/demo/bootclassified-6/dist/assets/plugins/flag-icon-css-master/flags/4x3/zw.svg]
[templatecycle.com/demo/bootclassified-6/dist/assets/plugins/flag-icon-css-master/flags/1x1/zw.svg]
[templatecycle.com/demo/bootclassified-6/dist/assets/plugins/flag-icon-css-master/flags/4x3/es-ct.svg]
[templatecycle.com/demo/bootclassified-6/dist/assets/plugins/flag-icon-css-master/flags/1x1/es-ct.svg]
[templatecycle.com/demo/bootclassified-6/dist/assets/plugins/flag-icon-css-master/flags/4x3/eu.svg]
[templatecycle.com/demo/bootclassified-6/dist/assets/plugins/flag-icon-css-master/flags/1x1/eu.svg]
[templatecycle.com/demo/bootclassified-6/dist/assets/plugins/flag-icon-css-master/flags/4x3/gb-eng.svg]
[templatecycle.com/demo/bootclassified-6/dist/assets/plugins/flag-icon-css-master/flags/1x1/gb-eng.svg]
[templatecycle.com/demo/bootclassified-6/dist/assets/plugins/flag-icon-css-master/flags/4x3/gb-nir.svg]
[templatecycle.com/demo/bootclassified-6/dist/assets/plugins/flag-icon-css-master/flags/1x1/gb-nir.svg]
[templatecycle.com/demo/bootclassified-6/dist/assets/plugins/flag-icon-css-master/flags/4x3/gb-sct.svg]
[templatecycle.com/demo/bootclassified-6/dist/assets/plugins/flag-icon-css-master/flags/1x1/gb-sct.svg]
[templatecycle.com/demo/bootclassified-6/dist/assets/plugins/flag-icon-css-master/flags/4x3/gb-wls.svg]
[templatecycle.com/demo/bootclassified-6/dist/assets/plugins/flag-icon-css-master/flags/1x1/gb-wls.svg]
[templatecycle.com/demo/bootclassified-6/dist/assets/plugins/flag-icon-css-master/flags/4x3/un.svg]
[templatecycle.com/demo/bootclassified-6/dist/assets/plugins/flag-icon-css-master/flags/1x1/un.svg]
[templatecycle.com/demo/bootclassified-6/dist/images/aff2.html]
[templatecycle.com/demo/bootclassified-6/dist/images/house/2.jpg]
[templatecycle.com/demo/bootclassified-6/dist/images/house/4.jpg]
[templatecycle.com/demo/bootclassified-6/dist/images/house/11.jpg]
[templatecycle.com/demo/bootclassified-6/dist/images/house/14.jpg]
[templatecycle.com/demo/bootclassified-6/dist/images/house/b12.jpg]
[templatecycle.com/demo/bootclassified-6/dist/images/house/13.jpg]
[templatecycle.com/demo/bootclassified-6/dist/images/property-agency-logo.png]
[templatecycle.com/demo/bootclassified-6/dist/property-details.html]
